
> hackcanada@0.1.0 build
> next build

Γû▓ Next.js 16.1.6 (Turbopack)
- Environments: .env.local

  Creating an optimized production build ...
node.exe : 
At line:1 char:1
+ & "C:\Program 
Files\nodejs/node.exe" 
"C:\Program 
Files\nodejs/node_mo ...
+ ~~~~~~~~~~~~~~~~~~~~~~~~~
~~~~~~~~~~~~~~~~~~~~~~~~~~~
~~~~~~~~~~~~~~~~~
    + CategoryInfo         
     : NotSpecified: (:St  
  ring) [], RemoteExcept   
 ion
    + FullyQualifiedErrorI 
   d : NativeCommandError
 
> Build error occurred
Error: Turbopack build 
failed with 1 errors:
./src/app/page.tsx:14:1
Module not found: Can't 
resolve 'react-map-gl'
[0m [90m 12 |[39m 
[36mimport[39m { 
useState } [36mfrom[39m 
[32m"react"[39m[33m;[39m
 [90m 13 |[39m 
[36mimport[39m { 
useRouter } [36mfrom[39m 
[32m"next/navigation"[39m
[33m;[39m
[31m[1m>[22m[39m[90m 
14 |[39m [36mimport[39m 
[33mMap[39m[33m,[39m { 
[33mMarker[39m[33m,[39m
 [33mPopup[39m } 
[36mfrom[39m [32m"react-
map-gl"[39m[33m;[39m
 [90m    |[39m [31m[1m^
[22m[39m[31m[1m^[22m[
39m[31m[1m^[22m[39m[31
m[1m^[22m[39m[31m[1m^
[22m[39m[31m[1m^[22m[3
9m[31m[1m^[22m[39m[31m
[1m^[22m[39m[31m[1m^[
22m[39m[31m[1m^[22m[39
m[31m[1m^[22m[39m[31m
[1m^[22m[39m[31m[1m^[2
2m[39m[31m[1m^[22m[39m
[31m[1m^[22m[39m[31m[
1m^[22m[39m[31m[1m^[22
m[39m[31m[1m^[22m[39m
[31m[1m^[22m[39m[31m[1
m^[22m[39m[31m[1m^[22m
[39m[31m[1m^[22m[39m[
31m[1m^[22m[39m[31m[1m
^[22m[39m[31m[1m^[22m
[39m[31m[1m^[22m[39m[3
1m[1m^[22m[39m[31m[1m^
[22m[39m[31m[1m^[22m[
39m[31m[1m^[22m[39m[31
m[1m^[22m[39m[31m[1m^
[22m[39m[31m[1m^[22m[3
9m[31m[1m^[22m[39m[31m
[1m^[22m[39m[31m[1m^[
22m[39m[31m[1m^[22m[39
m[31m[1m^[22m[39m[31m
[1m^[22m[39m[31m[1m^[2
2m[39m[31m[1m^[22m[39m
[31m[1m^[22m[39m[31m[
1m^[22m[39m[31m[1m^[22
m[39m[31m[1m^[22m[39m
[31m[1m^[22m[39m[31m[1
m^[22m[39m[31m[1m^[22m
[39m[31m[1m^[22m[39m[
31m[1m^[22m[39m
 [90m 15 |[39m 
[36mimport[39m [32m"mapb
ox-gl/dist/mapbox-gl.css"[
39m[33m;[39m
 [90m 16 |[39m 
[36mimport[39m { [33mMap
Pin[39m[33m,[39m [33mBu
ilding2[39m[33m,[39m [3
3mChevronRight[39m[33m,[
39m [33mActivity[39m } 
[36mfrom[39m [32m"lucide
-react"[39m[33m;[39m
 [90m 17 |[39m[0m



Import traces:
  Client Component Browser:
    ./src/app/page.tsx 
[Client Component Browser]
    ./src/app/page.tsx 
[Server Component]

  Client Component SSR:
    ./src/app/page.tsx 
[Client Component SSR]
    ./src/app/page.tsx 
[Server Component]

https://nextjs.org/docs/mes
sages/module-not-found


    at <unknown> 
(./src/app/page.tsx:14:1)
    at <unknown> (https://n
extjs.org/docs/messages/mod
ule-not-found)
