src/app/page.tsx(14,36): error TS2307: Cannot find module 'react-map-gl' or its corresponding type declarations.
src/app/page.tsx(80,18): error TS7006: Parameter 'evt' implicitly has an 'any' type.
src/app/page.tsx(92,23): error TS7006: Parameter 'e' implicitly has an 'any' type.
